
> @gitsofaryan/agent-db-frontend@0.1.0 build
> next build

node.exe : ΓÜá Warning: Next.js inferred your workspace root, but it may not be correct.
At C:\Program Files\nodejs\npm.ps1:16 char:5
+     & "$basedir/node$exe"  "$basedir/node_modules/npm/bin/npm-cli.js" ...
+     ~~~~~~~~~~~~~~~~~~~~~~~~~~~~~~~~~~~~~~~~~~~~~~~~~~~~~~~~~~~~~~~~~
    + CategoryInfo          : NotSpecified: (ΓÜá Warning: Ne...not be correct.:String) [], RemoteException
    + FullyQualifiedErrorId : NativeCommandError
 
 We detected multiple lockfiles and selected the directory of D:\PLDG\pl hacks\agent-db\package-lock.json as the root 
directory.
 To silence this warning, set `turbopack.root` in your Next.js config, or consider removing one of the lockfiles if it's 
not needed.
   See https://nextjs.org/docs/app/api-reference/config/next-config-js/turbopack#root-directory for more information.
 Detected additional lockfiles: 
   * D:\PLDG\pl hacks\agent-db\frontend\package-lock.json

Γû▓ Next.js 16.1.6 (Turbopack)

  Creating an optimized production build ...
Γ£ô Compiled successfully in 4.6s
  Running TypeScript ...
  Collecting page data using 15 workers ...
Error: export const dynamic = "force-static"/export const revalidate not configured on route "/sitemap.xml" with 
"output: export". See more info here: https://nextjs.org/docs/advanced-features/static-html-export
    at module evaluation (D:\PLDG\pl 
hacks\agent-db\frontend\.next\server\chunks\[root-of-the-server]__eb23520e._.js:16:1107)
    at instantiateModule (D:\PLDG\pl hacks\agent-db\frontend\.next\server\chunks\[turbopack]_runtime.js:740:9)
    at instantiateRuntimeModule (D:\PLDG\pl hacks\agent-db\frontend\.next\server\chunks\[turbopack]_runtime.js:768:12)
    at getOrInstantiateRuntimeModule (D:\PLDG\pl 
hacks\agent-db\frontend\.next\server\chunks\[turbopack]_runtime.js:781:12)
    at Object.m (D:\PLDG\pl hacks\agent-db\frontend\.next\server\chunks\[turbopack]_runtime.js:790:18)
    at Object.<anonymous> (D:\PLDG\pl hacks\agent-db\frontend\.next\server\app\sitemap.xml\route.js:5:3)

> Build error occurred
Error: Failed to collect page data for /sitemap.xml
    at ignore-listed frames {
  type: 'Error'
}
